{
  "baseUrl": "http://127.0.0.1:10559/",
  "manifestHref": "/manifest.webmanifest",
  "themeColor": "#0F7CFF",
  "manifestStatus": 200,
  "manifestContentType": "application/manifest+json",
  "display": "standalone",
  "icons": [
    {
      "src": "/icons/pwa-192.png",
      "sizes": "192x192",
      "type": "image/png",
      "purpose": "any",
      "status": 200,
      "contentType": "image/png"
    },
    {
      "src": "/icons/pwa-512.png",
      "sizes": "512x512",
      "type": "image/png",
      "purpose": "any",
      "status": 200,
      "contentType": "image/png"
    },
    {
      "src": "/icons/maskable-512.png",
      "sizes": "512x512",
      "type": "image/png",
      "purpose": "maskable",
      "status": 200,
      "contentType": "image/png"
    }
  ],
  "swReady": {
    "supported": true,
    "scope": "http://127.0.0.1:10559/",
    "active": "http://127.0.0.1:10559/sw.js",
    "controller": true
  },
  "controlledAfterReload": true
}
